
[1m[46m RUN [49m[22m [36mv4.0.18 [39m[90mC:/Users/ktorr/Downloads/prueba-tecnica-fullstack-main[39m

 [32mÔ£ô[39m __tests__/lib/api-helpers.test.ts [2m([22m[2m2 tests[22m[2m)[22m[32m 11[2mms[22m[39m
 [31mÔØ»[39m __tests__/pages/login.test.tsx [2m([22m[2m0 test[22m[2m)[22m

[2m Test Files [22m [1m[31m1 failed[39m[22m[2m | [22m[1m[32m1 passed[39m[22m[90m (2)[39m
[2m      Tests [22m [1m[32m2 passed[39m[22m[90m (2)[39m
[2m   Start at [22m 18:41:13
[2m   Duration [22m 3.58s[2m (transform 450ms, setup 761ms, import 118ms, tests 11ms, environment 4.22s)[22m

